// Jest Snapshot v1, https://goo.gl/fbAQLP

exports[`HomeContent renders 1`] = `
<div
  className="home"
>
  <div
    className="responsive-video-grid-container"
  >
    <VideoGrid
      title="trending"
    />
    <VideoGrid
      hideDivider={true}
      title="Autos & Vehicles"
    />
  </div>
</div>
`;
